nohup: ignoring input
INFO:zoro-bot:Bot started: @zorrocoin_bot
INFO:root:Health check server running on port 8080
INFO:zoro-bot:Bot polling started
ERROR:zoro-bot:getUpdates failed: {'ok': False, 'error_code': 409, 'description': 'Conflict: terminated by other getUpdates request; make sure that only one bot instance is running'}
ERROR:zoro-bot:getUpdates failed: {'ok': False, 'error_code': 409, 'description': 'Conflict: terminated by other getUpdates request; make sure that only one bot instance is running'}
ERROR:zoro-bot:getUpdates failed: {'ok': False, 'error_code': 409, 'description': 'Conflict: terminated by other getUpdates request; make sure that only one bot instance is running'}
ERROR:zoro-bot:getUpdates failed: {'ok': False, 'error_code': 409, 'description': 'Conflict: terminated by other getUpdates request; make sure that only one bot instance is running'}
ERROR:zoro-bot:getUpdates failed: {'ok': False, 'error_code': 409, 'description': 'Conflict: terminated by other getUpdates request; make sure that only one bot instance is running'}
ERROR:zoro-bot:getUpdates failed: {'ok': False, 'error_code': 409, 'description': 'Conflict: terminated by other getUpdates request; make sure that only one bot instance is running'}
ERROR:zoro-bot:getUpdates failed: {'ok': False, 'error_code': 409, 'description': 'Conflict: terminated by other getUpdates request; make sure that only one bot instance is running'}
ERROR:zoro-bot:getUpdates failed: {'ok': False, 'error_code': 409, 'description': 'Conflict: terminated by other getUpdates request; make sure that only one bot instance is running'}
ERROR:zoro-bot:getUpdates failed: {'ok': False, 'error_code': 409, 'description': 'Conflict: terminated by other getUpdates request; make sure that only one bot instance is running'}
ERROR:zoro-bot:getUpdates failed: {'ok': False, 'error_code': 409, 'description': 'Conflict: terminated by other getUpdates request; make sure that only one bot instance is running'}
ERROR:zoro-bot:getUpdates failed: {'ok': False, 'error_code': 409, 'description': 'Conflict: terminated by other getUpdates request; make sure that only one bot instance is running'}
ERROR:zoro-bot:getUpdates failed: {'ok': False, 'error_code': 409, 'description': 'Conflict: terminated by other getUpdates request; make sure that only one bot instance is running'}
ERROR:zoro-bot:getUpdates failed: {'ok': False, 'error_code': 409, 'description': 'Conflict: terminated by other getUpdates request; make sure that only one bot instance is running'}
ERROR:zoro-bot:getUpdates failed: {'ok': False, 'error_code': 409, 'description': 'Conflict: terminated by other getUpdates request; make sure that only one bot instance is running'}
ERROR:zoro-bot:getUpdates failed: {'ok': False, 'error_code': 409, 'description': 'Conflict: terminated by other getUpdates request; make sure that only one bot instance is running'}
ERROR:zoro-bot:getUpdates failed: {'ok': False, 'error_code': 409, 'description': 'Conflict: terminated by other getUpdates request; make sure that only one bot instance is running'}
ERROR:zoro-bot:getUpdates failed: {'ok': False, 'error_code': 409, 'description': 'Conflict: terminated by other getUpdates request; make sure that only one bot instance is running'}
ERROR:zoro-bot:getUpdates failed: {'ok': False, 'error_code': 409, 'description': 'Conflict: terminated by other getUpdates request; make sure that only one bot instance is running'}
ERROR:zoro-bot:getUpdates failed: {'ok': False, 'error_code': 409, 'description': 'Conflict: terminated by other getUpdates request; make sure that only one bot instance is running'}
ERROR:zoro-bot:getUpdates failed: {'ok': False, 'error_code': 409, 'description': 'Conflict: terminated by other getUpdates request; make sure that only one bot instance is running'}
ERROR:zoro-bot:getUpdates failed: {'ok': False, 'error_code': 409, 'description': 'Conflict: terminated by other getUpdates request; make sure that only one bot instance is running'}
ERROR:zoro-bot:getUpdates failed: {'ok': False, 'error_code': 409, 'description': 'Conflict: terminated by other getUpdates request; make sure that only one bot instance is running'}
ERROR:zoro-bot:getUpdates failed: {'ok': False, 'error_code': 409, 'description': 'Conflict: terminated by other getUpdates request; make sure that only one bot instance is running'}
ERROR:zoro-bot:getUpdates failed: {'ok': False, 'error_code': 409, 'description': 'Conflict: terminated by other getUpdates request; make sure that only one bot instance is running'}
ERROR:zoro-bot:getUpdates failed: {'ok': False, 'error_code': 409, 'description': 'Conflict: terminated by other getUpdates request; make sure that only one bot instance is running'}
ERROR:zoro-bot:getUpdates failed: {'ok': False, 'error_code': 409, 'description': 'Conflict: terminated by other getUpdates request; make sure that only one bot instance is running'}
ERROR:zoro-bot:getUpdates failed: {'ok': False, 'error_code': 409, 'description': 'Conflict: terminated by other getUpdates request; make sure that only one bot instance is running'}
ERROR:zoro-bot:getUpdates failed: {'ok': False, 'error_code': 409, 'description': 'Conflict: terminated by other getUpdates request; make sure that only one bot instance is running'}
ERROR:zoro-bot:getUpdates failed: {'ok': False, 'error_code': 409, 'description': 'Conflict: terminated by other getUpdates request; make sure that only one bot instance is running'}
ERROR:zoro-bot:getUpdates failed: {'ok': False, 'error_code': 409, 'description': 'Conflict: terminated by other getUpdates request; make sure that only one bot instance is running'}
ERROR:zoro-bot:getUpdates failed: {'ok': False, 'error_code': 409, 'description': 'Conflict: terminated by other getUpdates request; make sure that only one bot instance is running'}
ERROR:zoro-bot:getUpdates failed: {'ok': False, 'error_code': 409, 'description': 'Conflict: terminated by other getUpdates request; make sure that only one bot instance is running'}
ERROR:zoro-bot:getUpdates failed: {'ok': False, 'error_code': 409, 'description': 'Conflict: terminated by other getUpdates request; make sure that only one bot instance is running'}
ERROR:zoro-bot:getUpdates failed: {'ok': False, 'error_code': 409, 'description': 'Conflict: terminated by other getUpdates request; make sure that only one bot instance is running'}
ERROR:zoro-bot:getUpdates failed: {'ok': False, 'error_code': 409, 'description': 'Conflict: terminated by other getUpdates request; make sure that only one bot instance is running'}
ERROR:zoro-bot:getUpdates failed: {'ok': False, 'error_code': 409, 'description': 'Conflict: terminated by other getUpdates request; make sure that only one bot instance is running'}
ERROR:zoro-bot:getUpdates failed: {'ok': False, 'error_code': 409, 'description': 'Conflict: terminated by other getUpdates request; make sure that only one bot instance is running'}
ERROR:zoro-bot:getUpdates failed: {'ok': False, 'error_code': 409, 'description': 'Conflict: terminated by other getUpdates request; make sure that only one bot instance is running'}
ERROR:zoro-bot:getUpdates failed: {'ok': False, 'error_code': 409, 'description': 'Conflict: terminated by other getUpdates request; make sure that only one bot instance is running'}
ERROR:zoro-bot:getUpdates failed: {'ok': False, 'error_code': 409, 'description': 'Conflict: terminated by other getUpdates request; make sure that only one bot instance is running'}
ERROR:zoro-bot:getUpdates failed: {'ok': False, 'error_code': 409, 'description': 'Conflict: terminated by other getUpdates request; make sure that only one bot instance is running'}
ERROR:zoro-bot:getUpdates failed: {'ok': False, 'error_code': 409, 'description': 'Conflict: terminated by other getUpdates request; make sure that only one bot instance is running'}
ERROR:zoro-bot:getUpdates failed: {'ok': False, 'error_code': 409, 'description': 'Conflict: terminated by other getUpdates request; make sure that only one bot instance is running'}
ERROR:zoro-bot:getUpdates failed: {'ok': False, 'error_code': 409, 'description': 'Conflict: terminated by other getUpdates request; make sure that only one bot instance is running'}
ERROR:zoro-bot:getUpdates failed: {'ok': False, 'error_code': 409, 'description': 'Conflict: terminated by other getUpdates request; make sure that only one bot instance is running'}
ERROR:zoro-bot:getUpdates failed: {'ok': False, 'error_code': 409, 'description': 'Conflict: terminated by other getUpdates request; make sure that only one bot instance is running'}
ERROR:zoro-bot:getUpdates failed: {'ok': False, 'error_code': 409, 'description': 'Conflict: terminated by other getUpdates request; make sure that only one bot instance is running'}
ERROR:zoro-bot:getUpdates failed: {'ok': False, 'error_code': 409, 'description': 'Conflict: terminated by other getUpdates request; make sure that only one bot instance is running'}
ERROR:zoro-bot:getUpdates failed: {'ok': False, 'error_code': 409, 'description': 'Conflict: terminated by other getUpdates request; make sure that only one bot instance is running'}
ERROR:zoro-bot:getUpdates failed: {'ok': False, 'error_code': 409, 'description': 'Conflict: terminated by other getUpdates request; make sure that only one bot instance is running'}
ERROR:zoro-bot:getUpdates failed: {'ok': False, 'error_code': 409, 'description': 'Conflict: terminated by other getUpdates request; make sure that only one bot instance is running'}
ERROR:zoro-bot:getUpdates failed: {'ok': False, 'error_code': 409, 'description': 'Conflict: terminated by other getUpdates request; make sure that only one bot instance is running'}
ERROR:zoro-bot:getUpdates failed: {'ok': False, 'error_code': 409, 'description': 'Conflict: terminated by other getUpdates request; make sure that only one bot instance is running'}
ERROR:zoro-bot:getUpdates failed: {'ok': False, 'error_code': 409, 'description': 'Conflict: terminated by other getUpdates request; make sure that only one bot instance is running'}
ERROR:zoro-bot:getUpdates failed: {'ok': False, 'error_code': 409, 'description': 'Conflict: terminated by other getUpdates request; make sure that only one bot instance is running'}
ERROR:zoro-bot:getUpdates failed: {'ok': False, 'error_code': 409, 'description': 'Conflict: terminated by other getUpdates request; make sure that only one bot instance is running'}
ERROR:zoro-bot:getUpdates failed: {'ok': False, 'error_code': 409, 'description': 'Conflict: terminated by other getUpdates request; make sure that only one bot instance is running'}
ERROR:zoro-bot:getUpdates failed: {'ok': False, 'error_code': 409, 'description': 'Conflict: terminated by other getUpdates request; make sure that only one bot instance is running'}
ERROR:zoro-bot:getUpdates failed: {'ok': False, 'error_code': 409, 'description': 'Conflict: terminated by other getUpdates request; make sure that only one bot instance is running'}
ERROR:zoro-bot:getUpdates failed: {'ok': False, 'error_code': 409, 'description': 'Conflict: terminated by other getUpdates request; make sure that only one bot instance is running'}
ERROR:zoro-bot:getUpdates failed: {'ok': False, 'error_code': 409, 'description': 'Conflict: terminated by other getUpdates request; make sure that only one bot instance is running'}
ERROR:zoro-bot:getUpdates failed: {'ok': False, 'error_code': 409, 'description': 'Conflict: terminated by other getUpdates request; make sure that only one bot instance is running'}
ERROR:zoro-bot:getUpdates failed: {'ok': False, 'error_code': 409, 'description': 'Conflict: terminated by other getUpdates request; make sure that only one bot instance is running'}
ERROR:zoro-bot:getUpdates failed: {'ok': False, 'error_code': 409, 'description': 'Conflict: terminated by other getUpdates request; make sure that only one bot instance is running'}
ERROR:zoro-bot:getUpdates failed: {'ok': False, 'error_code': 409, 'description': 'Conflict: terminated by other getUpdates request; make sure that only one bot instance is running'}
ERROR:zoro-bot:getUpdates failed: {'ok': False, 'error_code': 409, 'description': 'Conflict: terminated by other getUpdates request; make sure that only one bot instance is running'}
ERROR:zoro-bot:getUpdates failed: {'ok': False, 'error_code': 409, 'description': 'Conflict: terminated by other getUpdates request; make sure that only one bot instance is running'}
ERROR:zoro-bot:getUpdates failed: {'ok': False, 'error_code': 409, 'description': 'Conflict: terminated by other getUpdates request; make sure that only one bot instance is running'}
ERROR:zoro-bot:getUpdates failed: {'ok': False, 'error_code': 409, 'description': 'Conflict: terminated by other getUpdates request; make sure that only one bot instance is running'}
ERROR:zoro-bot:getUpdates failed: {'ok': False, 'error_code': 409, 'description': 'Conflict: terminated by other getUpdates request; make sure that only one bot instance is running'}
ERROR:zoro-bot:getUpdates failed: {'ok': False, 'error_code': 409, 'description': 'Conflict: terminated by other getUpdates request; make sure that only one bot instance is running'}
ERROR:zoro-bot:getUpdates failed: {'ok': False, 'error_code': 409, 'description': 'Conflict: terminated by other getUpdates request; make sure that only one bot instance is running'}
ERROR:zoro-bot:getUpdates failed: {'ok': False, 'error_code': 409, 'description': 'Conflict: terminated by other getUpdates request; make sure that only one bot instance is running'}
ERROR:zoro-bot:getUpdates failed: {'ok': False, 'error_code': 409, 'description': 'Conflict: terminated by other getUpdates request; make sure that only one bot instance is running'}
ERROR:zoro-bot:getUpdates failed: {'ok': False, 'error_code': 409, 'description': 'Conflict: terminated by other getUpdates request; make sure that only one bot instance is running'}
ERROR:zoro-bot:getUpdates failed: {'ok': False, 'error_code': 409, 'description': 'Conflict: terminated by other getUpdates request; make sure that only one bot instance is running'}
ERROR:zoro-bot:getUpdates failed: {'ok': False, 'error_code': 409, 'description': 'Conflict: terminated by other getUpdates request; make sure that only one bot instance is running'}
ERROR:zoro-bot:getUpdates failed: {'ok': False, 'error_code': 409, 'description': 'Conflict: terminated by other getUpdates request; make sure that only one bot instance is running'}
ERROR:zoro-bot:getUpdates failed: {'ok': False, 'error_code': 409, 'description': 'Conflict: terminated by other getUpdates request; make sure that only one bot instance is running'}
ERROR:zoro-bot:getUpdates failed: {'ok': False, 'error_code': 409, 'description': 'Conflict: terminated by other getUpdates request; make sure that only one bot instance is running'}
ERROR:zoro-bot:getUpdates failed: {'ok': False, 'error_code': 409, 'description': 'Conflict: terminated by other getUpdates request; make sure that only one bot instance is running'}
ERROR:zoro-bot:getUpdates failed: {'ok': False, 'error_code': 409, 'description': 'Conflict: terminated by other getUpdates request; make sure that only one bot instance is running'}
ERROR:zoro-bot:getUpdates failed: {'ok': False, 'error_code': 409, 'description': 'Conflict: terminated by other getUpdates request; make sure that only one bot instance is running'}
ERROR:zoro-bot:getUpdates failed: {'ok': False, 'error_code': 409, 'description': 'Conflict: terminated by other getUpdates request; make sure that only one bot instance is running'}
ERROR:zoro-bot:getUpdates failed: {'ok': False, 'error_code': 409, 'description': 'Conflict: terminated by other getUpdates request; make sure that only one bot instance is running'}
ERROR:zoro-bot:getUpdates failed: {'ok': False, 'error_code': 409, 'description': 'Conflict: terminated by other getUpdates request; make sure that only one bot instance is running'}
ERROR:zoro-bot:getUpdates failed: {'ok': False, 'error_code': 409, 'description': 'Conflict: terminated by other getUpdates request; make sure that only one bot instance is running'}
ERROR:zoro-bot:getUpdates failed: {'ok': False, 'error_code': 409, 'description': 'Conflict: terminated by other getUpdates request; make sure that only one bot instance is running'}
ERROR:zoro-bot:getUpdates failed: {'ok': False, 'error_code': 409, 'description': 'Conflict: terminated by other getUpdates request; make sure that only one bot instance is running'}
ERROR:zoro-bot:getUpdates failed: {'ok': False, 'error_code': 409, 'description': 'Conflict: terminated by other getUpdates request; make sure that only one bot instance is running'}
ERROR:zoro-bot:getUpdates failed: {'ok': False, 'error_code': 409, 'description': 'Conflict: terminated by other getUpdates request; make sure that only one bot instance is running'}
ERROR:zoro-bot:getUpdates failed: {'ok': False, 'error_code': 409, 'description': 'Conflict: terminated by other getUpdates request; make sure that only one bot instance is running'}
ERROR:zoro-bot:getUpdates failed: {'ok': False, 'error_code': 409, 'description': 'Conflict: terminated by other getUpdates request; make sure that only one bot instance is running'}
ERROR:zoro-bot:getUpdates failed: {'ok': False, 'error_code': 409, 'description': 'Conflict: terminated by other getUpdates request; make sure that only one bot instance is running'}
ERROR:zoro-bot:Polling error: HTTPSConnectionPool(host='api.telegram.org', port=443): Read timed out. (read timeout=40)
ERROR:zoro-bot:getUpdates failed: {'ok': False, 'error_code': 409, 'description': 'Conflict: terminated by other getUpdates request; make sure that only one bot instance is running'}
ERROR:zoro-bot:Polling error: HTTPSConnectionPool(host='api.telegram.org', port=443): Read timed out. (read timeout=40)
ERROR:zoro-bot:getUpdates failed: {'ok': False, 'error_code': 409, 'description': 'Conflict: terminated by other getUpdates request; make sure that only one bot instance is running'}
ERROR:zoro-bot:Polling error: HTTPSConnectionPool(host='api.telegram.org', port=443): Read timed out. (read timeout=40)
ERROR:zoro-bot:getUpdates failed: {'ok': False, 'error_code': 409, 'description': 'Conflict: terminated by other getUpdates request; make sure that only one bot instance is running'}
ERROR:zoro-bot:getUpdates failed: {'ok': False, 'error_code': 409, 'description': 'Conflict: terminated by other getUpdates request; make sure that only one bot instance is running'}
ERROR:zoro-bot:getUpdates failed: {'ok': False, 'error_code': 409, 'description': 'Conflict: terminated by other getUpdates request; make sure that only one bot instance is running'}
ERROR:zoro-bot:getUpdates failed: {'ok': False, 'error_code': 409, 'description': 'Conflict: terminated by other getUpdates request; make sure that only one bot instance is running'}
ERROR:zoro-bot:getUpdates failed: {'ok': False, 'error_code': 409, 'description': 'Conflict: terminated by other getUpdates request; make sure that only one bot instance is running'}
ERROR:zoro-bot:getUpdates failed: {'ok': False, 'error_code': 409, 'description': 'Conflict: terminated by other getUpdates request; make sure that only one bot instance is running'}
ERROR:zoro-bot:getUpdates failed: {'ok': False, 'error_code': 409, 'description': 'Conflict: terminated by other getUpdates request; make sure that only one bot instance is running'}
ERROR:zoro-bot:getUpdates failed: {'ok': False, 'error_code': 409, 'description': 'Conflict: terminated by other getUpdates request; make sure that only one bot instance is running'}
ERROR:zoro-bot:getUpdates failed: {'ok': False, 'error_code': 409, 'description': 'Conflict: terminated by other getUpdates request; make sure that only one bot instance is running'}
ERROR:zoro-bot:getUpdates failed: {'ok': False, 'error_code': 409, 'description': 'Conflict: terminated by other getUpdates request; make sure that only one bot instance is running'}
ERROR:zoro-bot:getUpdates failed: {'ok': False, 'error_code': 409, 'description': 'Conflict: terminated by other getUpdates request; make sure that only one bot instance is running'}
ERROR:zoro-bot:getUpdates failed: {'ok': False, 'error_code': 409, 'description': 'Conflict: terminated by other getUpdates request; make sure that only one bot instance is running'}
ERROR:zoro-bot:getUpdates failed: {'ok': False, 'error_code': 409, 'description': 'Conflict: terminated by other getUpdates request; make sure that only one bot instance is running'}
